// Jest Snapshot v1, https://goo.gl/fbAQLP

exports[`<Wrapper/> renders correcly 1`] = `
<DocumentFragment>
  <div
    class="sc-gtssRu gBNuyD"
  />
</DocumentFragment>
`;
