// Jest Snapshot v1, https://goo.gl/fbAQLP

exports[`renders component without errors 1`] = `
<div>
  <div
    class="sc-bdnylx kIxwpW"
  >
    Card text
  </div>
</div>
`;
