// Jest Snapshot v1, https://goo.gl/fbAQLP

exports[`<Loader /> renders correcly 1`] = `
<DocumentFragment>
  <div
    class="sc-bdnylx jXCDNQ"
  />
</DocumentFragment>
`;
