// Jest Snapshot v1, https://goo.gl/fbAQLP

exports[`Playlists matches the snapshot 1`] = `
<body>
  <div>
    <div
      class="MuiGrid-root Playlists-container-1 MuiGrid-container"
      role="list"
    >
      <div
        class="MuiGrid-root Playlists-item-2 MuiGrid-item MuiGrid-grid-xs-6 MuiGrid-grid-sm-4 MuiGrid-grid-md-3"
        role="listitem"
      >
        <div
          class="MuiPaper-root MuiCard-root MuiPaper-elevation1 MuiPaper-rounded"
        >
          <a
            aria-disabled="false"
            class="MuiButtonBase-root MuiCardActionArea-root"
            href="url1"
            tabindex="0"
          >
            <img
              class="MuiCardMedia-root PlaylistsItem-image-3 MuiCardMedia-media MuiCardMedia-img"
              src="image1"
              title="Imagem playlist"
            />
            <div
              class="MuiCardContent-root"
            >
              <p
                class="MuiTypography-root PlaylistsItem-name-4 MuiTypography-body1 MuiTypography-noWrap"
              >
                Playlist 1
              </p>
              <span
                class="MuiTypography-root PlaylistsItem-description-5 MuiTypography-caption MuiTypography-colorTextSecondary"
              >
                Playlist 1
              </span>
            </div>
            <span
              class="MuiCardActionArea-focusHighlight"
            />
            <span
              class="MuiTouchRipple-root"
            />
          </a>
        </div>
      </div>
      <div
        class="MuiGrid-root Playlists-item-2 MuiGrid-item MuiGrid-grid-xs-6 MuiGrid-grid-sm-4 MuiGrid-grid-md-3"
        role="listitem"
      >
        <div
          class="MuiPaper-root MuiCard-root MuiPaper-elevation1 MuiPaper-rounded"
        >
          <a
            aria-disabled="false"
            class="MuiButtonBase-root MuiCardActionArea-root"
            href="url2"
            tabindex="0"
          >
            <img
              class="MuiCardMedia-root PlaylistsItem-image-3 MuiCardMedia-media MuiCardMedia-img"
              src="image2"
              title="Imagem playlist"
            />
            <div
              class="MuiCardContent-root"
            >
              <p
                class="MuiTypography-root PlaylistsItem-name-4 MuiTypography-body1 MuiTypography-noWrap"
              >
                Playlist 2
              </p>
              <span
                class="MuiTypography-root PlaylistsItem-description-5 MuiTypography-caption MuiTypography-colorTextSecondary"
              >
                Playlist 2
              </span>
            </div>
            <span
              class="MuiCardActionArea-focusHighlight"
            />
            <span
              class="MuiTouchRipple-root"
            />
          </a>
        </div>
      </div>
      <div
        class="MuiGrid-root Playlists-item-2 MuiGrid-item MuiGrid-grid-xs-6 MuiGrid-grid-sm-4 MuiGrid-grid-md-3"
        role="listitem"
      >
        <div
          class="MuiPaper-root MuiCard-root MuiPaper-elevation1 MuiPaper-rounded"
        >
          <a
            aria-disabled="false"
            class="MuiButtonBase-root MuiCardActionArea-root"
            href="url3"
            tabindex="0"
          >
            <img
              class="MuiCardMedia-root PlaylistsItem-image-3 MuiCardMedia-media MuiCardMedia-img"
              src="image3"
              title="Imagem playlist"
            />
            <div
              class="MuiCardContent-root"
            >
              <p
                class="MuiTypography-root PlaylistsItem-name-4 MuiTypography-body1 MuiTypography-noWrap"
              >
                Playlist 3
              </p>
              <span
                class="MuiTypography-root PlaylistsItem-description-5 MuiTypography-caption MuiTypography-colorTextSecondary"
              >
                Playlist 3
              </span>
            </div>
            <span
              class="MuiCardActionArea-focusHighlight"
            />
            <span
              class="MuiTouchRipple-root"
            />
          </a>
        </div>
      </div>
    </div>
  </div>
</body>
`;
