// Jest Snapshot v1, https://goo.gl/fbAQLP

exports[`App matches the snapshot (app authorized) 1`] = `
<body>
  <div>
    <header
      class="MuiPaper-root MuiAppBar-root MuiAppBar-positionSticky MuiAppBar-colorPrimary MuiPaper-elevation4"
    >
      <div
        class="MuiToolbar-root MuiToolbar-dense MuiToolbar-gutters"
      >
        <h2
          class="MuiTypography-root Header-title-16 MuiTypography-h2"
        >
          Spotifood
        </h2>
        <button
          class="MuiButtonBase-root MuiButton-root MuiButton-text MuiButton-colorInherit"
          tabindex="0"
          type="button"
        >
          <span
            class="MuiButton-label"
          >
            Logout
          </span>
          <span
            class="MuiTouchRipple-root"
          />
        </button>
      </div>
    </header>
    <div
      class="MuiContainer-root MuiContainer-disableGutters MuiContainer-maxWidthMd"
    >
      <div
        class="MuiPaper-root Filter-container-18 MuiPaper-elevation1 MuiPaper-rounded"
      >
        <div
          class="Filter-search-19"
        >
          <div
            class="MuiFormControl-root MuiTextField-root"
          >
            <div
              class="MuiInputBase-root MuiOutlinedInput-root MuiInputBase-formControl MuiInputBase-adornedStart MuiOutlinedInput-adornedStart MuiInputBase-marginDense MuiOutlinedInput-marginDense"
            >
              <div
                class="MuiInputAdornment-root MuiInputAdornment-positionStart MuiInputAdornment-marginDense"
              >
                <svg
                  aria-hidden="true"
                  class="MuiSvgIcon-root MuiSvgIcon-colorAction"
                  focusable="false"
                  viewBox="0 0 24 24"
                >
                  <path
                    d="M15.5 14h-.79l-.28-.27C15.41 12.59 16 11.11 16 9.5 16 5.91 13.09 3 9.5 3S3 5.91 3 9.5 5.91 16 9.5 16c1.61 0 3.09-.59 4.23-1.57l.27.28v.79l5 4.99L20.49 19l-4.99-5zm-6 0C7.01 14 5 11.99 5 9.5S7.01 5 9.5 5 14 7.01 14 9.5 11.99 14 9.5 14z"
                  />
                </svg>
              </div>
              <input
                aria-invalid="false"
                class="MuiInputBase-input MuiOutlinedInput-input MuiInputBase-inputAdornedStart MuiOutlinedInput-inputAdornedStart MuiInputBase-inputMarginDense MuiOutlinedInput-inputMarginDense"
                placeholder="Buscar playlists..."
                type="text"
                value=""
              />
              <fieldset
                aria-hidden="true"
                class="PrivateNotchedOutline-root-23 MuiOutlinedInput-notchedOutline"
                style="padding-left: 8px;"
              >
                <legend
                  class="PrivateNotchedOutline-legend-24"
                  style="width: 0.01px;"
                >
                  <span>
                    â€‹
                  </span>
                </legend>
              </fieldset>
            </div>
          </div>
          <button
            class="MuiButtonBase-root MuiButton-root MuiButton-text MuiButton-textPrimary"
            tabindex="0"
            type="button"
          >
            <span
              class="MuiButton-label"
            >
              <span
                class="MuiButton-startIcon MuiButton-iconSizeMedium"
              >
                <svg
                  aria-hidden="true"
                  class="MuiSvgIcon-root"
                  focusable="false"
                  viewBox="0 0 24 24"
                >
                  <path
                    d="M10 18h4v-2h-4v2zM3 6v2h18V6H3zm3 7h12v-2H6v2z"
                  />
                </svg>
              </span>
              Filtros
            </span>
            <span
              class="MuiTouchRipple-root"
            />
          </button>
        </div>
        <div
          class="MuiCollapse-container MuiCollapse-hidden"
          style="min-height: 0px;"
        >
          <div
            class="MuiCollapse-wrapper"
          >
            <div
              class="MuiCollapse-wrapperInner"
            >
              <div
                class="Filter-indicator-22"
              >
                <div
                  class="MuiCircularProgress-root MuiCircularProgress-colorPrimary MuiCircularProgress-indeterminate"
                  role="progressbar"
                  style="width: 40px; height: 40px;"
                >
                  <svg
                    class="MuiCircularProgress-svg"
                    viewBox="22 22 44 44"
                  >
                    <circle
                      class="MuiCircularProgress-circle MuiCircularProgress-circleIndeterminate"
                      cx="44"
                      cy="44"
                      fill="none"
                      r="20.2"
                      stroke-width="3.6"
                    />
                  </svg>
                </div>
              </div>
            </div>
          </div>
        </div>
      </div>
      <div
        class="FeaturedPlaylists-indicator-17"
      >
        <div
          class="MuiCircularProgress-root MuiCircularProgress-colorPrimary MuiCircularProgress-indeterminate"
          role="progressbar"
          style="width: 40px; height: 40px;"
        >
          <svg
            class="MuiCircularProgress-svg"
            viewBox="22 22 44 44"
          >
            <circle
              class="MuiCircularProgress-circle MuiCircularProgress-circleIndeterminate"
              cx="44"
              cy="44"
              fill="none"
              r="20.2"
              stroke-width="3.6"
            />
          </svg>
        </div>
      </div>
    </div>
  </div>
</body>
`;

exports[`App matches the snapshot (app unauthorized) 1`] = `
<body>
  <div>
    <div
      class="MuiContainer-root MuiContainer-disableGutters MuiContainer-maxWidthMd"
    >
      <div
        class="Login-container-14"
      >
        <h2
          class="MuiTypography-root Login-title-15 MuiTypography-h2"
        >
          Spotifood
        </h2>
        <button
          class="MuiButtonBase-root MuiButton-root MuiButton-contained MuiButton-containedPrimary MuiButton-disableElevation"
          tabindex="0"
          type="button"
        >
          <span
            class="MuiButton-label"
          >
            Login
          </span>
          <span
            class="MuiTouchRipple-root"
          />
        </button>
      </div>
    </div>
  </div>
</body>
`;
