// Jest Snapshot v1, https://goo.gl/fbAQLP

exports[`<PlaylistError /> snapshot 1`] = `
.c0 {
  -webkit-align-self: center;
  -ms-flex-item-align: center;
  align-self: center;
  display: -webkit-box;
  display: -webkit-flex;
  display: -ms-flexbox;
  display: flex;
  -webkit-flex-direction: column;
  -ms-flex-direction: column;
  flex-direction: column;
  -webkit-box-flex: 1;
  -webkit-flex-grow: 1;
  -ms-flex-positive: 1;
  flex-grow: 1;
  background-color: #0f0f0f;
  height: 100%;
}

.c2 {
  -webkit-align-items: center;
  -webkit-box-align: center;
  -ms-flex-align: center;
  align-items: center;
  display: -webkit-box;
  display: -webkit-flex;
  display: -ms-flexbox;
  display: flex;
  -webkit-flex-direction: column;
  -ms-flex-direction: column;
  flex-direction: column;
  -webkit-flex: 1;
  -ms-flex: 1;
  flex: 1;
  height: 100%;
  -webkit-box-pack: center;
  -webkit-justify-content: center;
  -ms-flex-pack: center;
  justify-content: center;
  width: 100%;
}

.c1 {
  margin-top: 80px;
}

<PlaylistError>
  <Styled(styled.div)>
    <div
      className="c0 c1"
    >
      <styled.div>
        <div
          className="c2"
        >
          <ForwardRef
            color="primary"
          >
            <WithStyles(ForwardRef(SvgIcon))
              color="primary"
            >
              <ForwardRef(SvgIcon)
                classes={
                  Object {
                    "colorAction": "MuiSvgIcon-colorAction",
                    "colorDisabled": "MuiSvgIcon-colorDisabled",
                    "colorError": "MuiSvgIcon-colorError",
                    "colorPrimary": "MuiSvgIcon-colorPrimary",
                    "colorSecondary": "MuiSvgIcon-colorSecondary",
                    "fontSizeInherit": "MuiSvgIcon-fontSizeInherit",
                    "fontSizeLarge": "MuiSvgIcon-fontSizeLarge",
                    "fontSizeSmall": "MuiSvgIcon-fontSizeSmall",
                    "root": "MuiSvgIcon-root",
                  }
                }
                color="primary"
              >
                <svg
                  aria-hidden={true}
                  className="MuiSvgIcon-root MuiSvgIcon-colorPrimary"
                  focusable="false"
                  viewBox="0 0 24 24"
                >
                  <path
                    d="M12 2C6.48 2 2 6.48 2 12s4.48 10 10 10 10-4.48 10-10S17.52 2 12 2zm1 15h-2v-2h2v2zm0-4h-2V7h2v6z"
                  />
                </svg>
              </ForwardRef(SvgIcon)>
            </WithStyles(ForwardRef(SvgIcon))>
          </ForwardRef>
          <WithStyles(ForwardRef(Typography))
            color="textPrimary"
          >
            <ForwardRef(Typography)
              classes={
                Object {
                  "alignCenter": "MuiTypography-alignCenter",
                  "alignJustify": "MuiTypography-alignJustify",
                  "alignLeft": "MuiTypography-alignLeft",
                  "alignRight": "MuiTypography-alignRight",
                  "body1": "MuiTypography-body1",
                  "body2": "MuiTypography-body2",
                  "button": "MuiTypography-button",
                  "caption": "MuiTypography-caption",
                  "colorError": "MuiTypography-colorError",
                  "colorInherit": "MuiTypography-colorInherit",
                  "colorPrimary": "MuiTypography-colorPrimary",
                  "colorSecondary": "MuiTypography-colorSecondary",
                  "colorTextPrimary": "MuiTypography-colorTextPrimary",
                  "colorTextSecondary": "MuiTypography-colorTextSecondary",
                  "displayBlock": "MuiTypography-displayBlock",
                  "displayInline": "MuiTypography-displayInline",
                  "gutterBottom": "MuiTypography-gutterBottom",
                  "h1": "MuiTypography-h1",
                  "h2": "MuiTypography-h2",
                  "h3": "MuiTypography-h3",
                  "h4": "MuiTypography-h4",
                  "h5": "MuiTypography-h5",
                  "h6": "MuiTypography-h6",
                  "noWrap": "MuiTypography-noWrap",
                  "overline": "MuiTypography-overline",
                  "paragraph": "MuiTypography-paragraph",
                  "root": "MuiTypography-root",
                  "srOnly": "MuiTypography-srOnly",
                  "subtitle1": "MuiTypography-subtitle1",
                  "subtitle2": "MuiTypography-subtitle2",
                }
              }
              color="textPrimary"
            >
              <p
                className="MuiTypography-root MuiTypography-body1 MuiTypography-colorTextPrimary"
              />
            </ForwardRef(Typography)>
          </WithStyles(ForwardRef(Typography))>
        </div>
      </styled.div>
    </div>
  </Styled(styled.div)>
</PlaylistError>
`;
