// Jest Snapshot v1, https://goo.gl/fbAQLP

exports[`ErrorMessage should render component correctly 1`] = `
<DocumentFragment>
  <div>
    ErrorMessage
  </div>
</DocumentFragment>
`;
