// Jest Snapshot v1, https://goo.gl/fbAQLP

exports[`renders component without errors 1`] = `
<div>
  <img
    alt="alt image"
    class="sc-bdnylx gobVUL"
    src="image"
  />
</div>
`;
